Turbo Assembler	 Version 4.1	    03/05/26 21:34:49	    Page 1
str-out.asm



      1	0000			     .model tiny
      2	0000			     .code
      3				     org 100h
      4
      5	      =B800		     VIDEOSEG				     equ 0b800h
      6	      =07D0		     ADDRESS_OF_FRAME		     equ 007D0h
      7	      =00A0		     NEIGHBOR_BY_VERTICAL    equ 000A0h
      8
      9				     ;ADDRESS_OF_FIRST_CMD   equ 00082h
     10				     ;ADDRESS_OF_SECOND_CMD  equ 00085h
     11	      =0082		     ADDRESS_OF_INPUT		     equ 00082h
     12	      =0080		     ADDRESS_OF_INP_CNT		     equ 00080h
     13
     14	      =0001		     COUNT_TO_SKIP		     equ 001h
     15
     16	      =0070		     TEXT_COLOR				     equ 070h
     17
     18	      =0001		     REL_BRDR_LENGTH		     equ 001h
     19	      =0001		     REL_BRDR_WIDTH		     equ 001h
     20	      =0005		     MAX_BRDR_WIDTH		     equ 005h
     21
     22	      =00CD		     HOR_BRDR	     equ 0CDh
     23	      =00BA		     VER_BRDR	     equ 0BAh
     24	      =00C9		     TL_BRDR	     equ 0C9h
     25	      =00BB		     TR_BRDR	     equ 0BBh
     26	      =00C8		     BL_BRDR	     equ 0C8h
     27	      =00BC		     BR_BRDR	     equ 0BCh
     28	      =0020		     SPACE	     equ 020h
     29
     30	0100			     start:
     31	0100			     .data
     32	0000  00			     str_len db	0h
     33	0001  C9 CD BB BA 20 BA	C8+	     frame_symb	db   TL_BRDR, HOR_BRDR,	TR_BRDR, \
     34	      CD BC							     VER_BRDR, SPACE, VER_BRDR,	 \
     35									     BL_BRDR, HOR_BRDR,	BR_BRDR
     36
     37	000A			     .code
     38	0100  B8 B800			     mov ax, VIDEOSEG
     39	0103  8E C0			     mov es, ax
     40
     41	0105  A0 0080			     mov al, ds:[ADDRESS_OF_INP_CNT]
     42	0108  FE C8			     dec al
     43	010A  A2 0000r			     mov str_len, al
     44
     45	010D  B4 70			     mov ah, TEXT_COLOR
     46
     47				     ;	     call PrintFrame
     48
     49	010F  E8 004F			     call PrintSentence
     50
     51	0112  B8 4C00			     mov ax, 4c00h
     52	0115  CD 21			     int 21h
     53				     ;___________________________________________________________________________;
     54
     55
     56				     ;__PRINTFRAME__
     57				     ;Printing frame with special color	and with given size relative to	sentence
Turbo Assembler	 Version 4.1	    03/05/26 21:34:49	    Page 2
str-out.asm



     58				     ;Entry: AH	- color	of symbols
     59				     ;Destr: AL, BX, CX, DX, DI
     60				     ;___________________________________________________________________________;
     61	0117			     PrintFrame		     proc
     62	0117  33 D2			     xor dx, dx
     63	0119  8A 16 0000r		     mov dl, str_len
     64	011D  D0 EA			     shr dl, 1
     65	011F  D0 E2			     shl dl, 1				     ;turn dx to closest and smaller even number
     66
     67	0121  BB 07D0			     mov bx, ADDRESS_OF_FRAME
     68	0124  81 EB 00A0		     sub bx, NEIGHBOR_BY_VERTICAL
     69	0128  2B DA			     sub bx, dx
     70	012A  8B FB			     mov di, bx				     ;di = address to print (for stosw)
     71
     72	012C  B9 0003			     mov cx, 3
     73
     74	012F			     build_frame:
     75	012F  BB 0003			     mov bx, 3
     76	0132  2B D9			     sub bx, cx				     ;bx is using for addressing to frame_symb
     77
     78	0134  E8 005F			     call MultiplyBxBy3
     79	0137  8A 87 0001r		     mov al, frame_symb[bx]
     80	013B  26: 89 45	FE		     mov es:[di-2], ax		     ;printing the edge	of string
     81
     82	013F  8A 87 0002r		     mov al, frame_symb[bx + 1]
     83	0143  51			     push cx				     ;save cx value for	double cycle
     84	0144  8A 0E 0000r		     mov cl, str_len
     85	0148  F3> AB			     REP STOSW				     ;printing the center of string
     86	014A  59			     pop cx
     87
     88	014B  8A 87 0003r		     mov al, frame_symb[bx + 2]
     89	014F  26: 89 05			     mov es:[di], ax		     ;printing the edge	of string
     90
     91	0152  81 C7 00A0		     add di, NEIGHBOR_BY_VERTICAL
     92	0156  8A 16 0000r		     mov dl, str_len
     93	015A  2B FA			     sub di, dx
     94	015C  2B FA			     sub di, dx				     ;addressing to the	start of next string
     95
     96	015E  E2 CF			     loop build_frame
     97
     98	0160  C3			     ret
     99	0161				     endp
    100				     ;___________________________________________________________________________;
    101
    102
    103				     ;__PRINTSENTENCE__
    104				     ;Printing the input string
    105				     ;Entry: AH	= color	of sentence
    106				     ;Destr: AX, BX, CX, DI, SI
    107				     ;___________________________________________________________________________;
    108	0161			     PrintSentence	     proc
    109	0161  33 C9			     xor cx, cx
    110	0163  B1 05			     mov cl, MAX_BRDR_WIDTH
    111	0165  D1 E9			     shr cx, 1
    112	0167  D1 E1			     shl cx, 1
    113
    114	0169  BB 07D0			     mov bx, ADDRESS_OF_FRAME
Turbo Assembler	 Version 4.1	    03/05/26 21:34:49	    Page 3
str-out.asm



    115	016C  2B D9			     sub bx, cx
    116	016E  8B FB			     mov di, bx						     ;address where to print the    +
    117				     sentence
    118
    119	0170  BE 0082			     mov si, ADDRESS_OF_INPUT
    120	0173  8A 0E 0000r		     mov cl, str_len
    121	0177  8B E9			     mov bp, cx
    122
    123	0179			     building_sentence:
    124	0179  8B DD			     mov bx, bp
    125	017B  2B D9			     sub bx, cx
    126	017D  83 FB 05			     cmp bx, MAX_BRDR_WIDTH		     ;if (bp - cx >= MAX_...) => transfer
    127
    128	0180  7C 0D			     jl	no_transfer_sentence
    129	0182  81 C7 00A0		     add di, NEIGHBOR_BY_VERTICAL
    130	0186  83 EF 05			     sub di, MAX_BRDR_WIDTH
    131	0189  83 EF 05			     sub di, MAX_BRDR_WIDTH		     ;set address of a new string
    132	018C  83 ED 05			     sub bp, MAX_BRDR_WIDTH		     ;for further conditions
    133
    134	018F			     no_transfer_sentence:
    135
    136	018F  8A 04			     mov al, ds:[si]
    137	0191  AB			     STOSW						     ;print symbol
    138	0192  46			     inc si
    139
    140	0193  E2 E4			     loop building_sentence
    141
    142	0195  C3			     ret
    143	0196				     endp
    144				     ;___________________________________________________________________________;
    145
    146
    147				     ;___________________________________________________________________________;
    148	0196			     MultiplyBxBy3   proc
    149	0196  50 52			     push ax dx
    150	0198  8B C3			     mov ax, bx
    151	019A  BA 0003			     mov dx, 3
    152	019D  F7 E2			     mul dx				     ;multiplying bx by	3
    153	019F  8B D8			     mov bx, ax
    154	01A1  5A 58			     pop dx ax
    155
    156	01A3  C3			     ret
    157	01A4				     endp
    158
    159				     end	     Start
Turbo Assembler	 Version 4.1	    03/05/26 21:34:49	    Page 4
Symbol Table




Symbol Name			  Type	 Value

??DATE				  Text	 "03/05/26"
??FILENAME			  Text	 "str-out "
??TIME				  Text	 "21:34:49"
??VERSION			  Number 040A
@32BIT				  Text	 0
@CODE				  Text	 DGROUP
@CODESIZE			  Text	 0
@CPU				  Text	 0101H
@CURSEG				  Text	 _TEXT
@DATA				  Text	 DGROUP
@DATASIZE			  Text	 0
@FILENAME			  Text	 STR-OUT
@INTERFACE			  Text	 000H
@MODEL				  Text	 1
@STACK				  Text	 DGROUP
@WORDSIZE			  Text	 2
ADDRESS_OF_FRAME		  Number 07D0
ADDRESS_OF_INPUT		  Number 0082
ADDRESS_OF_INP_CNT		  Number 0080
BL_BRDR				  Number 00C8
BR_BRDR				  Number 00BC
BUILDING_SENTENCE		  Near	 DGROUP:0179
BUILD_FRAME			  Near	 DGROUP:012F
COUNT_TO_SKIP			  Number 0001
FRAME_SYMB			  Byte	 DGROUP:0001
HOR_BRDR			  Number 00CD
MAX_BRDR_WIDTH			  Number 0005
MULTIPLYBXBY3			  Near	 DGROUP:0196
NEIGHBOR_BY_VERTICAL		  Number 00A0
NO_TRANSFER_SENTENCE		  Near	 DGROUP:018F
PRINTFRAME			  Near	 DGROUP:0117
PRINTSENTENCE			  Near	 DGROUP:0161
REL_BRDR_LENGTH			  Number 0001
REL_BRDR_WIDTH			  Number 0001
SPACE				  Number 0020
START				  Near	 DGROUP:0100
STR_LEN				  Byte	 DGROUP:0000
TEXT_COLOR			  Number 0070
TL_BRDR				  Number 00C9
TR_BRDR				  Number 00BB
VER_BRDR			  Number 00BA
VIDEOSEG			  Number B800

Groups & Segments		  Bit Size Align  Combine Class

DGROUP				  Group
  _DATA				  16  000A Word	  Public  DATA
  _TEXT				  16  01A4 Word	  Public  CODE
